2026-05-01 11:59:42,420 - SafeActionExecutor - INFO - Initializing SafeActionExecutor in SIMULATION mode
2026-05-01 11:59:42,420 - SimulatedRobotArm - INFO - Created SimulatedArm in SIMULATION mode
2026-05-01 11:59:42,420 - SimulatedRobotArm - INFO - Connecting to simulated robot arm...
2026-05-01 11:59:42,925 - SimulatedRobotArm - INFO - Simulated robot arm connected successfully
2026-05-01 11:59:42,925 - SafeActionExecutor - INFO - SafeActionExecutor initialized successfully
2026-05-01 11:59:42,925 - SafeActionExecutor - INFO - Initial pose: Pose(x=150.0, y=0.0, z=220.0, rx=0.0, ry=180.0, rz=90.0)
2026-05-01 11:59:42,926 - SafeActionExecutor - INFO - Initial joints: JointAngles([0.0, 0.0, 0.0, 0.0, 0.0, 0.0])
2026-05-01 11:59:42,926 - SafeActionExecutor - INFO - Mode: SIMULATION
2026-05-01 11:59:42,926 - CommandParser - INFO - Parsed command: HighLevelCommand(action=move_to_pose, pose=Pose(x=200.0, y=-100.0, z=220.0, rx=0.0, ry=180.0, rz=90.0), speed=30)
2026-05-01 11:59:42,926 - SafeActionExecutor - INFO - ============================================================
2026-05-01 11:59:42,926 - SafeActionExecutor - INFO - Executing command: HighLevelCommand(action=move_to_pose, pose=Pose(x=200.0, y=-100.0, z=220.0, rx=0.0, ry=180.0, rz=90.0), speed=30)
2026-05-01 11:59:42,926 - SafeActionExecutor - INFO - Start time: 2026-05-01 11:59:42.926256
2026-05-01 11:59:42,926 - SafeActionExecutor - INFO - ============================================================
2026-05-01 11:59:42,926 - SafeActionExecutor - INFO - Executing safe move to Pose(x=200.0, y=-100.0, z=220.0, rx=0.0, ry=180.0, rz=90.0) at speed 30%
2026-05-01 11:59:42,926 - SimulatedRobotArm - INFO - [SIM] Moving to pose: Pose(x=200.0, y=-100.0, z=220.0, rx=0.0, ry=180.0, rz=90.0) at speed 30%
2026-05-01 11:59:44,931 - SimulatedRobotArm - INFO - [SIM] Reached pose: Pose(x=200.0, y=-100.0, z=220.0, rx=0.0, ry=180.0, rz=90.0)
2026-05-01 11:59:44,931 - SafeActionExecutor - INFO - Move completed. New pose: Pose(x=200.0, y=-100.0, z=220.0, rx=0.0, ry=180.0, rz=90.0)
2026-05-01 11:59:44,932 - SafeActionExecutor - INFO - ============================================================
2026-05-01 11:59:44,932 - SafeActionExecutor - INFO - Command execution SUCCESS
2026-05-01 11:59:44,932 - SafeActionExecutor - INFO - Total time: 2.01 seconds
2026-05-01 11:59:44,932 - SafeActionExecutor - INFO - ============================================================
2026-05-01 11:59:44,932 - CommandParser - INFO - Parsed command: HighLevelCommand(action=home, speed=40)
2026-05-01 11:59:44,932 - SafeActionExecutor - INFO - ============================================================
2026-05-01 11:59:44,932 - SafeActionExecutor - INFO - Executing command: HighLevelCommand(action=home, speed=40)
2026-05-01 11:59:44,932 - SafeActionExecutor - INFO - Start time: 2026-05-01 11:59:44.932442
2026-05-01 11:59:44,932 - SafeActionExecutor - INFO - ============================================================
2026-05-01 11:59:44,932 - SafeActionExecutor - INFO - Executing HOME (zero) position
2026-05-01 11:59:44,932 - SafeActionExecutor - INFO - Executing safe joint move to JointAngles([0.0, 0.0, 0.0, 0.0, 0.0, 0.0]) at speed 40%
2026-05-01 11:59:44,932 - SimulatedRobotArm - INFO - [SIM] Moving to joints: JointAngles([0.0, 0.0, 0.0, 0.0, 0.0, 0.0]) at speed 40%
2026-05-01 11:59:46,937 - SimulatedRobotArm - INFO - [SIM] Reached joints: JointAngles([0.0, 0.0, 0.0, 0.0, 0.0, 0.0])
2026-05-01 11:59:46,938 - SafeActionExecutor - INFO - Joint move completed. New joints: JointAngles([0.0, 0.0, 0.0, 0.0, 0.0, 0.0])
2026-05-01 11:59:46,938 - SafeActionExecutor - INFO - HOME action completed
2026-05-01 11:59:46,938 - SafeActionExecutor - INFO - ============================================================
2026-05-01 11:59:46,938 - SafeActionExecutor - INFO - Command execution SUCCESS
2026-05-01 11:59:46,939 - SafeActionExecutor - INFO - Total time: 2.01 seconds
2026-05-01 11:59:46,939 - SafeActionExecutor - INFO - ============================================================
2026-05-01 11:59:46,939 - CommandParser - INFO - Parsed command: HighLevelCommand(action=move_joints, joints=JointAngles([30.0, -20.0, 45.0, 0.0, 10.0, -15.0]), speed=25)
2026-05-01 11:59:46,939 - SafeActionExecutor - INFO - ============================================================
2026-05-01 11:59:46,939 - SafeActionExecutor - INFO - Executing command: HighLevelCommand(action=move_joints, joints=JointAngles([30.0, -20.0, 45.0, 0.0, 10.0, -15.0]), speed=25)
2026-05-01 11:59:46,939 - SafeActionExecutor - INFO - Start time: 2026-05-01 11:59:46.939505
2026-05-01 11:59:46,939 - SafeActionExecutor - INFO - ============================================================
2026-05-01 11:59:46,940 - SafeActionExecutor - INFO - Executing safe joint move to JointAngles([30.0, -20.0, 45.0, 0.0, 10.0, -15.0]) at speed 25%
2026-05-01 11:59:46,940 - SimulatedRobotArm - INFO - [SIM] Moving to joints: JointAngles([30.0, -20.0, 45.0, 0.0, 10.0, -15.0]) at speed 25%
2026-05-01 11:59:48,942 - SimulatedRobotArm - INFO - [SIM] Reached joints: JointAngles([30.0, -20.0, 45.0, 0.0, 10.0, -15.0])
2026-05-01 11:59:48,943 - SafeActionExecutor - INFO - Joint move completed. New joints: JointAngles([30.0, -20.0, 45.0, 0.0, 10.0, -15.0])
2026-05-01 11:59:48,943 - SafeActionExecutor - INFO - ============================================================
2026-05-01 11:59:48,943 - SafeActionExecutor - INFO - Command execution SUCCESS
2026-05-01 11:59:48,943 - SafeActionExecutor - INFO - Total time: 2.00 seconds
2026-05-01 11:59:48,943 - SafeActionExecutor - INFO - ============================================================
2026-05-01 11:59:48,944 - SafeActionExecutor - INFO - Shutting down SafeActionExecutor...
2026-05-01 11:59:48,944 - SimulatedRobotArm - INFO - [SIM] DEACTIVATING gripper
2026-05-01 11:59:49,249 - SimulatedRobotArm - INFO - [SIM] Gripper deactivated
2026-05-01 11:59:49,250 - SimulatedRobotArm - INFO - Disconnecting simulated robot arm...
2026-05-01 11:59:49,250 - SimulatedRobotArm - INFO - Simulated robot arm disconnected
2026-05-01 11:59:49,250 - SafeActionExecutor - INFO - SafeActionExecutor shut down
2026-05-01 11:59:49,250 - SafeActionExecutor - INFO - Initializing SafeActionExecutor in SIMULATION mode
2026-05-01 11:59:49,251 - SimulatedRobotArm - INFO - Created SimulatedArm in SIMULATION mode
2026-05-01 11:59:49,251 - SimulatedRobotArm - INFO - Connecting to simulated robot arm...
2026-05-01 11:59:49,756 - SimulatedRobotArm - INFO - Simulated robot arm connected successfully
2026-05-01 11:59:49,756 - SafeActionExecutor - INFO - SafeActionExecutor initialized successfully
2026-05-01 11:59:49,756 - SafeActionExecutor - INFO - Initial pose: Pose(x=150.0, y=0.0, z=220.0, rx=0.0, ry=180.0, rz=90.0)
2026-05-01 11:59:49,756 - SafeActionExecutor - INFO - Initial joints: JointAngles([0.0, 0.0, 0.0, 0.0, 0.0, 0.0])
2026-05-01 11:59:49,756 - SafeActionExecutor - INFO - Mode: SIMULATION
2026-05-01 11:59:49,756 - CommandParser - INFO - Parsed command: HighLevelCommand(action=move_to_pose, pose=Pose(x=500.0, y=0.0, z=200.0, rx=0.0, ry=180.0, rz=90.0), speed=30)
2026-05-01 11:59:49,756 - SafeActionExecutor - INFO - ============================================================
2026-05-01 11:59:49,756 - SafeActionExecutor - INFO - Executing command: HighLevelCommand(action=move_to_pose, pose=Pose(x=500.0, y=0.0, z=200.0, rx=0.0, ry=180.0, rz=90.0), speed=30)
2026-05-01 11:59:49,756 - SafeActionExecutor - INFO - Start time: 2026-05-01 11:59:49.756483
2026-05-01 11:59:49,756 - SafeActionExecutor - INFO - ============================================================
2026-05-01 11:59:49,756 - SafeActionExecutor - ERROR - Safety exception during execution: X coordinate 500.0mm exceeds limits [-280.0, 280.0]
2026-05-01 11:59:49,756 - CommandParser - INFO - Parsed command: HighLevelCommand(action=move_joints, joints=JointAngles([200.0, 0.0, 0.0, 0.0, 0.0, 0.0]), speed=30)
2026-05-01 11:59:49,756 - SafeActionExecutor - INFO - ============================================================
2026-05-01 11:59:49,756 - SafeActionExecutor - INFO - Executing command: HighLevelCommand(action=move_joints, joints=JointAngles([200.0, 0.0, 0.0, 0.0, 0.0, 0.0]), speed=30)
2026-05-01 11:59:49,756 - SafeActionExecutor - INFO - Start time: 2026-05-01 11:59:49.756695
2026-05-01 11:59:49,756 - SafeActionExecutor - INFO - ============================================================
2026-05-01 11:59:49,756 - SafeActionExecutor - ERROR - Safety exception during execution: Joint 1 angle 200.0° exceeds limits [-165.0°, 165.0°]
2026-05-01 11:59:49,756 - CommandParser - INFO - Parsed command: HighLevelCommand(action=move_to_pose, pose=Pose(x=150.0, y=50.0, z=200.0, rx=0.0, ry=180.0, rz=90.0), speed=90)
2026-05-01 11:59:49,756 - SafeActionExecutor - INFO - ============================================================
2026-05-01 11:59:49,756 - SafeActionExecutor - INFO - Executing command: HighLevelCommand(action=move_to_pose, pose=Pose(x=150.0, y=50.0, z=200.0, rx=0.0, ry=180.0, rz=90.0), speed=90)
2026-05-01 11:59:49,756 - SafeActionExecutor - INFO - Start time: 2026-05-01 11:59:49.756884
2026-05-01 11:59:49,756 - SafeActionExecutor - INFO - ============================================================
2026-05-01 11:59:49,756 - SafetyChecker - WARNING - Speed 90% constrained to 60% (limits: [5, 60])
2026-05-01 11:59:49,757 - SafeActionExecutor - INFO - Executing safe move to Pose(x=150.0, y=50.0, z=200.0, rx=0.0, ry=180.0, rz=90.0) at speed 60%
2026-05-01 11:59:49,757 - SimulatedRobotArm - INFO - [SIM] Moving to pose: Pose(x=150.0, y=50.0, z=200.0, rx=0.0, ry=180.0, rz=90.0) at speed 60%
2026-05-01 11:59:51,762 - SimulatedRobotArm - INFO - [SIM] Reached pose: Pose(x=150.0, y=50.0, z=200.0, rx=0.0, ry=180.0, rz=90.0)
2026-05-01 11:59:51,762 - SafeActionExecutor - INFO - Move completed. New pose: Pose(x=150.0, y=50.0, z=200.0, rx=0.0, ry=180.0, rz=90.0)
2026-05-01 11:59:51,762 - SafeActionExecutor - INFO - ============================================================
2026-05-01 11:59:51,763 - SafeActionExecutor - INFO - Command execution SUCCESS
2026-05-01 11:59:51,763 - SafeActionExecutor - INFO - Total time: 2.01 seconds
2026-05-01 11:59:51,763 - SafeActionExecutor - INFO - ============================================================
2026-05-01 11:59:51,763 - SafetyChecker - INFO - Added obstacle: 测试障碍物 at Pose(x=150.0, y=0.0, z=150.0, rx=0.0, ry=180.0, rz=90.0), radius=60.0mm
2026-05-01 11:59:51,763 - CommandParser - INFO - Parsed command: HighLevelCommand(action=move_to_pose, pose=Pose(x=100.0, y=100.0, z=200.0, rx=0.0, ry=180.0, rz=90.0), speed=30)
2026-05-01 11:59:51,763 - SafeActionExecutor - INFO - ============================================================
2026-05-01 11:59:51,763 - SafeActionExecutor - INFO - Executing command: HighLevelCommand(action=move_to_pose, pose=Pose(x=100.0, y=100.0, z=200.0, rx=0.0, ry=180.0, rz=90.0), speed=30)
2026-05-01 11:59:51,763 - SafeActionExecutor - INFO - Start time: 2026-05-01 11:59:51.763728
2026-05-01 11:59:51,764 - SafeActionExecutor - INFO - ============================================================
2026-05-01 11:59:51,764 - SafetyChecker - WARNING - Warning: Approaching obstacle '测试障碍物' at distance 70.7mm
2026-05-01 11:59:51,764 - SafetyChecker - WARNING - Approaching obstacle at 70.7mm
2026-05-01 11:59:51,764 - SafetyChecker - WARNING - Move validation warnings: ['Approaching obstacle at 70.7mm']
2026-05-01 11:59:51,764 - SafeActionExecutor - INFO - Executing safe move to Pose(x=100.0, y=100.0, z=200.0, rx=0.0, ry=180.0, rz=90.0) at speed 30%
2026-05-01 11:59:51,764 - SimulatedRobotArm - INFO - [SIM] Moving to pose: Pose(x=100.0, y=100.0, z=200.0, rx=0.0, ry=180.0, rz=90.0) at speed 30%
2026-05-01 11:59:53,769 - SimulatedRobotArm - INFO - [SIM] Reached pose: Pose(x=100.0, y=100.0, z=200.0, rx=0.0, ry=180.0, rz=90.0)
2026-05-01 11:59:53,769 - SafeActionExecutor - INFO - Move completed. New pose: Pose(x=100.0, y=100.0, z=200.0, rx=0.0, ry=180.0, rz=90.0)
2026-05-01 11:59:53,770 - SafeActionExecutor - INFO - ============================================================
2026-05-01 11:59:53,770 - SafeActionExecutor - INFO - Command execution SUCCESS
2026-05-01 11:59:53,770 - SafeActionExecutor - INFO - Total time: 2.01 seconds
2026-05-01 11:59:53,771 - SafeActionExecutor - INFO - ============================================================
2026-05-01 11:59:53,771 - SafeActionExecutor - INFO - Shutting down SafeActionExecutor...
2026-05-01 11:59:53,771 - SimulatedRobotArm - INFO - [SIM] DEACTIVATING gripper
2026-05-01 11:59:54,075 - SimulatedRobotArm - INFO - [SIM] Gripper deactivated
2026-05-01 11:59:54,076 - SimulatedRobotArm - INFO - Disconnecting simulated robot arm...
2026-05-01 11:59:54,076 - SimulatedRobotArm - INFO - Simulated robot arm disconnected
2026-05-01 11:59:54,076 - SafeActionExecutor - INFO - SafeActionExecutor shut down
2026-05-01 11:59:54,076 - SafeActionExecutor - INFO - Initializing SafeActionExecutor in SIMULATION mode
2026-05-01 11:59:54,076 - SimulatedRobotArm - INFO - Created SimulatedArm in SIMULATION mode
2026-05-01 11:59:54,076 - SimulatedRobotArm - INFO - Connecting to simulated robot arm...
2026-05-01 11:59:54,581 - SimulatedRobotArm - INFO - Simulated robot arm connected successfully
2026-05-01 11:59:54,582 - SafeActionExecutor - INFO - SafeActionExecutor initialized successfully
2026-05-01 11:59:54,582 - SafeActionExecutor - INFO - Initial pose: Pose(x=150.0, y=0.0, z=220.0, rx=0.0, ry=180.0, rz=90.0)
2026-05-01 11:59:54,582 - SafeActionExecutor - INFO - Initial joints: JointAngles([0.0, 0.0, 0.0, 0.0, 0.0, 0.0])
2026-05-01 11:59:54,582 - SafeActionExecutor - INFO - Mode: SIMULATION
2026-05-01 11:59:54,583 - CommandParser - INFO - Parsed command: HighLevelCommand(action=pick, pose=Pose(x=200.0, y=-50.0, z=90.0, rx=0.0, ry=180.0, rz=90.0), height=90.0, speed=30)
2026-05-01 11:59:54,583 - SafeActionExecutor - INFO - ============================================================
2026-05-01 11:59:54,584 - SafeActionExecutor - INFO - Executing command: HighLevelCommand(action=pick, pose=Pose(x=200.0, y=-50.0, z=90.0, rx=0.0, ry=180.0, rz=90.0), height=90.0, speed=30)
2026-05-01 11:59:54,584 - SafeActionExecutor - INFO - Start time: 2026-05-01 11:59:54.583733
2026-05-01 11:59:54,584 - SafeActionExecutor - INFO - ============================================================
2026-05-01 11:59:54,584 - SafeActionExecutor - INFO - Executing PICK at Pose(x=200.0, y=-50.0, z=90.0, rx=0.0, ry=180.0, rz=90.0), height=90.0mm
2026-05-01 11:59:54,584 - SafeActionExecutor - INFO - Step 1/5: Moving to safe height above target
2026-05-01 11:59:54,585 - SafeActionExecutor - INFO - Executing safe move to Pose(x=200.0, y=-50.0, z=220.0, rx=0.0, ry=180.0, rz=90.0) at speed 30%
2026-05-01 11:59:54,585 - SimulatedRobotArm - INFO - [SIM] Moving to pose: Pose(x=200.0, y=-50.0, z=220.0, rx=0.0, ry=180.0, rz=90.0) at speed 30%
2026-05-01 11:59:56,585 - SimulatedRobotArm - INFO - [SIM] Reached pose: Pose(x=200.0, y=-50.0, z=220.0, rx=0.0, ry=180.0, rz=90.0)
2026-05-01 11:59:56,585 - SafeActionExecutor - INFO - Move completed. New pose: Pose(x=200.0, y=-50.0, z=220.0, rx=0.0, ry=180.0, rz=90.0)
2026-05-01 11:59:56,585 - SafeActionExecutor - INFO - Step 2/5: Descending to pick height
2026-05-01 11:59:56,586 - SafeActionExecutor - INFO - Executing safe move to Pose(x=200.0, y=-50.0, z=90.0, rx=0.0, ry=180.0, rz=90.0) at speed 30%
2026-05-01 11:59:56,586 - SimulatedRobotArm - INFO - [SIM] Moving to pose: Pose(x=200.0, y=-50.0, z=90.0, rx=0.0, ry=180.0, rz=90.0) at speed 30%
2026-05-01 11:59:58,587 - SimulatedRobotArm - INFO - [SIM] Reached pose: Pose(x=200.0, y=-50.0, z=90.0, rx=0.0, ry=180.0, rz=90.0)
2026-05-01 11:59:58,587 - SafeActionExecutor - INFO - Move completed. New pose: Pose(x=200.0, y=-50.0, z=90.0, rx=0.0, ry=180.0, rz=90.0)
2026-05-01 11:59:58,587 - SafeActionExecutor - INFO - Step 3/5: Activating gripper
2026-05-01 11:59:58,587 - SimulatedRobotArm - INFO - [SIM] ACTIVATING gripper
2026-05-01 11:59:58,889 - SimulatedRobotArm - INFO - [SIM] Gripper activated
2026-05-01 11:59:59,395 - SafeActionExecutor - INFO - Step 4/5: Ascending to safe height with object
2026-05-01 11:59:59,395 - SafeActionExecutor - INFO - Executing safe move to Pose(x=200.0, y=-50.0, z=220.0, rx=0.0, ry=180.0, rz=90.0) at speed 30%
2026-05-01 11:59:59,395 - SimulatedRobotArm - INFO - [SIM] Moving to pose: Pose(x=200.0, y=-50.0, z=220.0, rx=0.0, ry=180.0, rz=90.0) at speed 30%
2026-05-01 12:00:01,395 - SimulatedRobotArm - INFO - [SIM] Reached pose: Pose(x=200.0, y=-50.0, z=220.0, rx=0.0, ry=180.0, rz=90.0)
2026-05-01 12:00:01,396 - SafeActionExecutor - INFO - Move completed. New pose: Pose(x=200.0, y=-50.0, z=220.0, rx=0.0, ry=180.0, rz=90.0)
2026-05-01 12:00:01,396 - SafeActionExecutor - INFO - PICK action completed successfully
2026-05-01 12:00:01,396 - SafeActionExecutor - INFO - ============================================================
2026-05-01 12:00:01,396 - SafeActionExecutor - INFO - Command execution SUCCESS
2026-05-01 12:00:01,396 - SafeActionExecutor - INFO - Total time: 6.81 seconds
2026-05-01 12:00:01,396 - SafeActionExecutor - INFO - ============================================================
2026-05-01 12:00:01,396 - CommandParser - INFO - Parsed command: HighLevelCommand(action=place, pose=Pose(x=100.0, y=150.0, z=100.0, rx=0.0, ry=180.0, rz=90.0), height=100.0, speed=30)
2026-05-01 12:00:01,396 - SafeActionExecutor - INFO - ============================================================
2026-05-01 12:00:01,396 - SafeActionExecutor - INFO - Executing command: HighLevelCommand(action=place, pose=Pose(x=100.0, y=150.0, z=100.0, rx=0.0, ry=180.0, rz=90.0), height=100.0, speed=30)
2026-05-01 12:00:01,396 - SafeActionExecutor - INFO - Start time: 2026-05-01 12:00:01.396373
2026-05-01 12:00:01,396 - SafeActionExecutor - INFO - ============================================================
2026-05-01 12:00:01,396 - SafeActionExecutor - INFO - Executing PLACE at Pose(x=100.0, y=150.0, z=100.0, rx=0.0, ry=180.0, rz=90.0), height=100.0mm
2026-05-01 12:00:01,396 - SafeActionExecutor - INFO - Step 1/4: Moving to safe height above target
2026-05-01 12:00:01,396 - SafeActionExecutor - INFO - Executing safe move to Pose(x=100.0, y=150.0, z=220.0, rx=0.0, ry=180.0, rz=90.0) at speed 30%
2026-05-01 12:00:01,396 - SimulatedRobotArm - INFO - [SIM] Moving to pose: Pose(x=100.0, y=150.0, z=220.0, rx=0.0, ry=180.0, rz=90.0) at speed 30%
2026-05-01 12:00:03,401 - SimulatedRobotArm - INFO - [SIM] Reached pose: Pose(x=100.0, y=150.0, z=220.0, rx=0.0, ry=180.0, rz=90.0)
2026-05-01 12:00:03,402 - SafeActionExecutor - INFO - Move completed. New pose: Pose(x=100.0, y=150.0, z=220.0, rx=0.0, ry=180.0, rz=90.0)
2026-05-01 12:00:03,402 - SafeActionExecutor - INFO - Step 2/4: Descending to place height
2026-05-01 12:00:03,402 - SafeActionExecutor - INFO - Executing safe move to Pose(x=100.0, y=150.0, z=100.0, rx=0.0, ry=180.0, rz=90.0) at speed 30%
2026-05-01 12:00:03,402 - SimulatedRobotArm - INFO - [SIM] Moving to pose: Pose(x=100.0, y=150.0, z=100.0, rx=0.0, ry=180.0, rz=90.0) at speed 30%
2026-05-01 12:00:05,406 - SimulatedRobotArm - INFO - [SIM] Reached pose: Pose(x=100.0, y=150.0, z=100.0, rx=0.0, ry=180.0, rz=90.0)
2026-05-01 12:00:05,406 - SafeActionExecutor - INFO - Move completed. New pose: Pose(x=100.0, y=150.0, z=100.0, rx=0.0, ry=180.0, rz=90.0)
2026-05-01 12:00:05,407 - SafeActionExecutor - INFO - Step 3/4: Deactivating gripper (releasing object)
2026-05-01 12:00:05,407 - SimulatedRobotArm - INFO - [SIM] DEACTIVATING gripper
2026-05-01 12:00:05,712 - SimulatedRobotArm - INFO - [SIM] Gripper deactivated
2026-05-01 12:00:06,217 - SafeActionExecutor - INFO - Step 4/4: Ascending to safe height
2026-05-01 12:00:06,218 - SafeActionExecutor - INFO - Executing safe move to Pose(x=100.0, y=150.0, z=220.0, rx=0.0, ry=180.0, rz=90.0) at speed 30%
2026-05-01 12:00:06,218 - SimulatedRobotArm - INFO - [SIM] Moving to pose: Pose(x=100.0, y=150.0, z=220.0, rx=0.0, ry=180.0, rz=90.0) at speed 30%
2026-05-01 12:00:08,222 - SimulatedRobotArm - INFO - [SIM] Reached pose: Pose(x=100.0, y=150.0, z=220.0, rx=0.0, ry=180.0, rz=90.0)
2026-05-01 12:00:08,222 - SafeActionExecutor - INFO - Move completed. New pose: Pose(x=100.0, y=150.0, z=220.0, rx=0.0, ry=180.0, rz=90.0)
2026-05-01 12:00:08,223 - SafeActionExecutor - INFO - PLACE action completed successfully
2026-05-01 12:00:08,223 - SafeActionExecutor - INFO - ============================================================
2026-05-01 12:00:08,223 - SafeActionExecutor - INFO - Command execution SUCCESS
2026-05-01 12:00:08,223 - SafeActionExecutor - INFO - Total time: 6.83 seconds
2026-05-01 12:00:08,223 - SafeActionExecutor - INFO - ============================================================
2026-05-01 12:00:08,223 - SafeActionExecutor - INFO - Shutting down SafeActionExecutor...
2026-05-01 12:00:08,223 - SimulatedRobotArm - INFO - [SIM] DEACTIVATING gripper
2026-05-01 12:00:08,526 - SimulatedRobotArm - INFO - [SIM] Gripper deactivated
2026-05-01 12:00:08,527 - SimulatedRobotArm - INFO - Disconnecting simulated robot arm...
2026-05-01 12:00:08,527 - SimulatedRobotArm - INFO - Simulated robot arm disconnected
2026-05-01 12:00:08,527 - SafeActionExecutor - INFO - SafeActionExecutor shut down
2026-05-01 12:00:08,527 - SafeActionExecutor - INFO - Initializing SafeActionExecutor in SIMULATION mode
2026-05-01 12:00:08,528 - SimulatedRobotArm - INFO - Created SimulatedArm in SIMULATION mode
2026-05-01 12:00:08,528 - SimulatedRobotArm - INFO - Connecting to simulated robot arm...
2026-05-01 12:00:09,030 - SimulatedRobotArm - INFO - Simulated robot arm connected successfully
2026-05-01 12:00:09,030 - SafeActionExecutor - INFO - SafeActionExecutor initialized successfully
2026-05-01 12:00:09,030 - SafeActionExecutor - INFO - Initial pose: Pose(x=150.0, y=0.0, z=220.0, rx=0.0, ry=180.0, rz=90.0)
2026-05-01 12:00:09,030 - SafeActionExecutor - INFO - Initial joints: JointAngles([0.0, 0.0, 0.0, 0.0, 0.0, 0.0])
2026-05-01 12:00:09,031 - SafeActionExecutor - INFO - Mode: SIMULATION
2026-05-01 12:00:09,040 - CommandParser - INFO - Parsed command: HighLevelCommand(action=move_to_pose, pose=Pose(x=180.0, y=-80.0, z=220.0, rx=0.0, ry=180.0, rz=90.0), speed=35)
2026-05-01 12:00:09,040 - SafeActionExecutor - INFO - ============================================================
2026-05-01 12:00:09,040 - SafeActionExecutor - INFO - Executing command: HighLevelCommand(action=move_to_pose, pose=Pose(x=180.0, y=-80.0, z=220.0, rx=0.0, ry=180.0, rz=90.0), speed=35)
2026-05-01 12:00:09,040 - SafeActionExecutor - INFO - Start time: 2026-05-01 12:00:09.040318
2026-05-01 12:00:09,040 - SafeActionExecutor - INFO - ============================================================
2026-05-01 12:00:09,040 - SafeActionExecutor - INFO - Executing safe move to Pose(x=180.0, y=-80.0, z=220.0, rx=0.0, ry=180.0, rz=90.0) at speed 35%
2026-05-01 12:00:09,040 - SimulatedRobotArm - INFO - [SIM] Moving to pose: Pose(x=180.0, y=-80.0, z=220.0, rx=0.0, ry=180.0, rz=90.0) at speed 35%
2026-05-01 12:00:11,045 - SimulatedRobotArm - INFO - [SIM] Reached pose: Pose(x=180.0, y=-80.0, z=220.0, rx=0.0, ry=180.0, rz=90.0)
2026-05-01 12:00:11,046 - SafeActionExecutor - INFO - Move completed. New pose: Pose(x=180.0, y=-80.0, z=220.0, rx=0.0, ry=180.0, rz=90.0)
2026-05-01 12:00:11,046 - SafeActionExecutor - INFO - ============================================================
2026-05-01 12:00:11,046 - SafeActionExecutor - INFO - Command execution SUCCESS
2026-05-01 12:00:11,046 - SafeActionExecutor - INFO - Total time: 2.01 seconds
2026-05-01 12:00:11,046 - SafeActionExecutor - INFO - ============================================================
2026-05-01 12:00:11,047 - CommandParser - INFO - Parsed command: HighLevelCommand(action=move_to_pose, pose=Pose(x=150.0, y=100.0, z=200.0, rx=0.0, ry=180.0, rz=90.0), speed=30)
2026-05-01 12:00:11,047 - SafeActionExecutor - INFO - ============================================================
2026-05-01 12:00:11,047 - SafeActionExecutor - INFO - Executing command: HighLevelCommand(action=move_to_pose, pose=Pose(x=150.0, y=100.0, z=200.0, rx=0.0, ry=180.0, rz=90.0), speed=30)
2026-05-01 12:00:11,047 - SafeActionExecutor - INFO - Start time: 2026-05-01 12:00:11.047276
2026-05-01 12:00:11,047 - SafeActionExecutor - INFO - ============================================================
2026-05-01 12:00:11,047 - SafeActionExecutor - INFO - Executing safe move to Pose(x=150.0, y=100.0, z=200.0, rx=0.0, ry=180.0, rz=90.0) at speed 30%
2026-05-01 12:00:11,047 - SimulatedRobotArm - INFO - [SIM] Moving to pose: Pose(x=150.0, y=100.0, z=200.0, rx=0.0, ry=180.0, rz=90.0) at speed 30%
2026-05-01 12:00:13,052 - SimulatedRobotArm - INFO - [SIM] Reached pose: Pose(x=150.0, y=100.0, z=200.0, rx=0.0, ry=180.0, rz=90.0)
2026-05-01 12:00:13,052 - SafeActionExecutor - INFO - Move completed. New pose: Pose(x=150.0, y=100.0, z=200.0, rx=0.0, ry=180.0, rz=90.0)
2026-05-01 12:00:13,052 - SafeActionExecutor - INFO - ============================================================
2026-05-01 12:00:13,052 - SafeActionExecutor - INFO - Command execution SUCCESS
2026-05-01 12:00:13,052 - SafeActionExecutor - INFO - Total time: 2.01 seconds
2026-05-01 12:00:13,052 - SafeActionExecutor - INFO - ============================================================
2026-05-01 12:00:13,053 - SafeActionExecutor - INFO - Shutting down SafeActionExecutor...
2026-05-01 12:00:13,053 - SimulatedRobotArm - INFO - [SIM] DEACTIVATING gripper
2026-05-01 12:00:13,358 - SimulatedRobotArm - INFO - [SIM] Gripper deactivated
2026-05-01 12:00:13,358 - SimulatedRobotArm - INFO - Disconnecting simulated robot arm...
2026-05-01 12:00:13,358 - SimulatedRobotArm - INFO - Simulated robot arm disconnected
2026-05-01 12:00:13,358 - SafeActionExecutor - INFO - SafeActionExecutor shut down
2026-05-01 12:00:13,358 - SafeActionExecutor - INFO - Initializing SafeActionExecutor in SIMULATION mode
2026-05-01 12:00:13,358 - SimulatedRobotArm - INFO - Created SimulatedArm in SIMULATION mode
2026-05-01 12:00:13,358 - SimulatedRobotArm - INFO - Connecting to simulated robot arm...
2026-05-01 12:00:13,862 - SimulatedRobotArm - INFO - Simulated robot arm connected successfully
2026-05-01 12:00:13,863 - SafeActionExecutor - INFO - SafeActionExecutor initialized successfully
2026-05-01 12:00:13,863 - SafeActionExecutor - INFO - Initial pose: Pose(x=150.0, y=0.0, z=220.0, rx=0.0, ry=180.0, rz=90.0)
2026-05-01 12:00:13,863 - SafeActionExecutor - INFO - Initial joints: JointAngles([0.0, 0.0, 0.0, 0.0, 0.0, 0.0])
2026-05-01 12:00:13,863 - SafeActionExecutor - INFO - Mode: SIMULATION
2026-05-01 12:00:13,864 - CommandParser - INFO - Parsed command: HighLevelCommand(action=move_to_pose, pose=Pose(x=200.0, y=100.0, z=200.0, rx=0.0, ry=180.0, rz=90.0), speed=30)
2026-05-01 12:00:13,864 - SafeActionExecutor - INFO - ============================================================
2026-05-01 12:00:13,864 - SafeActionExecutor - INFO - Executing command: HighLevelCommand(action=move_to_pose, pose=Pose(x=200.0, y=100.0, z=200.0, rx=0.0, ry=180.0, rz=90.0), speed=30)
2026-05-01 12:00:13,864 - SafeActionExecutor - INFO - Start time: 2026-05-01 12:00:13.864417
2026-05-01 12:00:13,864 - SafeActionExecutor - INFO - ============================================================
2026-05-01 12:00:13,864 - SafeActionExecutor - INFO - Executing safe move to Pose(x=200.0, y=100.0, z=200.0, rx=0.0, ry=180.0, rz=90.0) at speed 30%
2026-05-01 12:00:13,865 - SimulatedRobotArm - INFO - [SIM] Moving to pose: Pose(x=200.0, y=100.0, z=200.0, rx=0.0, ry=180.0, rz=90.0) at speed 30%
2026-05-01 12:00:15,867 - SimulatedRobotArm - INFO - [SIM] Reached pose: Pose(x=200.0, y=100.0, z=200.0, rx=0.0, ry=180.0, rz=90.0)
2026-05-01 12:00:15,868 - SafeActionExecutor - INFO - Move completed. New pose: Pose(x=200.0, y=100.0, z=200.0, rx=0.0, ry=180.0, rz=90.0)
2026-05-01 12:00:15,868 - SafeActionExecutor - INFO - ============================================================
2026-05-01 12:00:15,868 - SafeActionExecutor - INFO - Command execution SUCCESS
2026-05-01 12:00:15,868 - SafeActionExecutor - INFO - Total time: 2.00 seconds
2026-05-01 12:00:15,868 - SafeActionExecutor - INFO - ============================================================
2026-05-01 12:00:15,868 - SafeActionExecutor - INFO - Shutting down SafeActionExecutor...
2026-05-01 12:00:15,868 - SimulatedRobotArm - INFO - [SIM] DEACTIVATING gripper
2026-05-01 12:00:16,169 - SimulatedRobotArm - INFO - [SIM] Gripper deactivated
2026-05-01 12:00:16,169 - SimulatedRobotArm - INFO - Disconnecting simulated robot arm...
2026-05-01 12:00:16,170 - SimulatedRobotArm - INFO - Simulated robot arm disconnected
2026-05-01 12:00:16,170 - SafeActionExecutor - INFO - SafeActionExecutor shut down
